// Jest Snapshot v1, https://goo.gl/fbAQLP

exports[`my-test 1`] = `
<RNCSafeAreaProvider
  onInsetsChange={[Function]}
  style={
    [
      {
        "flex": 1,
      },
      undefined,
    ]
  }
>
  <RNCSafeAreaView
    edges={
      {
        "bottom": "additive",
        "left": "additive",
        "right": "additive",
        "top": "additive",
      }
    }
    style={
      {
        "flex": 1,
      }
    }
  >
    <RCTSafeAreaView>
      <RCTScrollView>
        <View>
          <View
            style={
              {
                "flex": 1,
                "justifyContent": "center",
                "padding": 20,
              }
            }
          >
            <View
              style={
                {
                  "flex": 1,
                  "justifyContent": "flex-start",
                }
              }
            >
              <TextInput
                autoFocus={true}
                multiline={true}
                numberOfLines={10}
                onChangeText={[Function]}
                placeholder="Add Note"
                style={
                  [
                    {
                      "fontSize": 25,
                    },
                    {
                      "color": "#000",
                    },
                  ]
                }
                value=""
              />
            </View>
          </View>
        </View>
      </RCTScrollView>
    </RCTSafeAreaView>
  </RNCSafeAreaView>
</RNCSafeAreaProvider>
`;
